2025-12-11 14:33:06.849 [background-preinit] INFO  org.hibernate.validator.internal.util.Version - HV000001: Hibernate Validator 8.0.1.Final
2025-12-11 14:33:06.887 [main] INFO  a.intelligent.resume.IntelligentResumeApplication - Starting IntelligentResumeApplication using Java 21.0.9 with PID 7740 (E:\AI_Project\IntelligentResume\IntelligentResume_back\target\classes started by Lenovo in E:\AI_Project\IntelligentResume\IntelligentResume_back)
2025-12-11 14:33:06.889 [main] INFO  a.intelligent.resume.IntelligentResumeApplication - The following 1 profile is active: "dev"
2025-12-11 14:33:08.036 [main] INFO  o.s.d.r.config.RepositoryConfigurationDelegate - Multiple Spring Data modules found, entering strict repository configuration mode
2025-12-11 14:33:08.039 [main] INFO  o.s.d.r.config.RepositoryConfigurationDelegate - Bootstrapping Spring Data Redis repositories in DEFAULT mode.
2025-12-11 14:33:08.079 [main] INFO  o.s.d.r.config.RepositoryConfigurationDelegate - Finished Spring Data repository scanning in 23 ms. Found 0 Redis repository interfaces.
2025-12-11 14:33:09.000 [main] INFO  o.s.boot.web.embedded.tomcat.TomcatWebServer - Tomcat initialized with port 8080 (http)
2025-12-11 14:33:09.008 [main] INFO  org.apache.coyote.http11.Http11NioProtocol - Initializing ProtocolHandler ["http-nio-8080"]
2025-12-11 14:33:09.010 [main] INFO  org.apache.catalina.core.StandardService - Starting service [Tomcat]
2025-12-11 14:33:09.010 [main] INFO  org.apache.catalina.core.StandardEngine - Starting Servlet engine: [Apache Tomcat/10.1.16]
2025-12-11 14:33:09.078 [main] INFO  o.a.c.core.ContainerBase.[Tomcat].[localhost].[/] - Initializing Spring embedded WebApplicationContext
2025-12-11 14:33:09.078 [main] INFO  o.s.b.w.s.c.ServletWebServerApplicationContext - Root WebApplicationContext: initialization completed in 2140 ms
2025-12-11 14:33:09.754 [main] INFO  org.redisson.Version - Redisson 3.25.0
2025-12-11 14:33:10.106 [redisson-netty-2-5] INFO  o.r.connection.pool.MasterPubSubConnectionPool - 1 connections initialized for localhost/127.0.0.1:6379
2025-12-11 14:33:10.117 [redisson-netty-2-14] INFO  org.redisson.connection.pool.MasterConnectionPool - 5 connections initialized for localhost/127.0.0.1:6379
2025-12-11 14:33:10.821 [main] INFO  o.s.b.actuate.endpoint.web.EndpointLinksResolver - Exposing 1 endpoint(s) beneath base path '/actuator'
2025-12-11 14:33:10.864 [main] INFO  o.s.security.web.DefaultSecurityFilterChain - Will secure any request with [org.springframework.security.web.session.DisableEncodeUrlFilter@112b3298, org.springframework.security.web.context.request.async.WebAsyncManagerIntegrationFilter@51d2d336, org.springframework.security.web.context.SecurityContextHolderFilter@3cf7433e, org.springframework.security.web.header.HeaderWriterFilter@8aafd70, org.springframework.security.web.authentication.logout.LogoutFilter@63b2418e, app.intelligent.resume.security.JwtAuthenticationFilter@6fc7e828, org.springframework.security.web.savedrequest.RequestCacheAwareFilter@3d0f4ac4, org.springframework.security.web.servletapi.SecurityContextHolderAwareRequestFilter@544733a4, org.springframework.security.web.authentication.AnonymousAuthenticationFilter@90c01ab, org.springframework.security.web.session.SessionManagementFilter@36ec4071, org.springframework.security.web.access.ExceptionTranslationFilter@54d2887a, org.springframework.security.web.access.intercept.AuthorizationFilter@1e2bc241]
2025-12-11 14:33:11.341 [main] INFO  org.apache.coyote.http11.Http11NioProtocol - Starting ProtocolHandler ["http-nio-8080"]
2025-12-11 14:33:11.353 [main] INFO  o.s.boot.web.embedded.tomcat.TomcatWebServer - Tomcat started on port 8080 (http) with context path ''
2025-12-11 14:33:11.366 [main] INFO  a.intelligent.resume.IntelligentResumeApplication - Started IntelligentResumeApplication in 5.067 seconds (process running for 6.033)
2025-12-11 14:33:11.919 [RMI TCP Connection(4)-192.168.14.1] INFO  o.a.c.core.ContainerBase.[Tomcat].[localhost].[/] - Initializing Spring DispatcherServlet 'dispatcherServlet'
2025-12-11 14:33:11.919 [RMI TCP Connection(4)-192.168.14.1] INFO  org.springframework.web.servlet.DispatcherServlet - Initializing Servlet 'dispatcherServlet'
2025-12-11 14:33:11.920 [RMI TCP Connection(4)-192.168.14.1] INFO  org.springframework.web.servlet.DispatcherServlet - Completed initialization in 1 ms
2025-12-11 14:33:11.923 [RMI TCP Connection(3)-192.168.14.1] INFO  com.zaxxer.hikari.HikariDataSource - HikariPool-1 - Starting...
2025-12-11 14:33:12.122 [RMI TCP Connection(3)-192.168.14.1] INFO  com.zaxxer.hikari.pool.HikariPool - HikariPool-1 - Added connection com.mysql.jdbc.JDBC4Connection@7e918821
2025-12-11 14:33:12.125 [RMI TCP Connection(3)-192.168.14.1] INFO  com.zaxxer.hikari.HikariDataSource - HikariPool-1 - Start completed.
2025-12-11 14:41:37.880 [SpringApplicationShutdownHook] INFO  com.zaxxer.hikari.HikariDataSource - HikariPool-1 - Shutdown initiated...
2025-12-11 14:41:37.885 [SpringApplicationShutdownHook] INFO  com.zaxxer.hikari.HikariDataSource - HikariPool-1 - Shutdown completed.
2025-12-11 14:41:45.295 [background-preinit] INFO  org.hibernate.validator.internal.util.Version - HV000001: Hibernate Validator 8.0.1.Final
2025-12-11 14:41:45.329 [main] INFO  a.intelligent.resume.IntelligentResumeApplication - Starting IntelligentResumeApplication using Java 21.0.9 with PID 30936 (E:\AI_Project\IntelligentResume\IntelligentResume_back\target\classes started by Lenovo in E:\AI_Project\IntelligentResume\IntelligentResume_back)
2025-12-11 14:41:45.330 [main] INFO  a.intelligent.resume.IntelligentResumeApplication - The following 1 profile is active: "dev"
2025-12-11 14:41:46.471 [main] INFO  o.s.d.r.config.RepositoryConfigurationDelegate - Multiple Spring Data modules found, entering strict repository configuration mode
2025-12-11 14:41:46.473 [main] INFO  o.s.d.r.config.RepositoryConfigurationDelegate - Bootstrapping Spring Data Redis repositories in DEFAULT mode.
2025-12-11 14:41:46.510 [main] INFO  o.s.d.r.config.RepositoryConfigurationDelegate - Finished Spring Data repository scanning in 25 ms. Found 0 Redis repository interfaces.
2025-12-11 14:41:47.306 [main] INFO  o.s.boot.web.embedded.tomcat.TomcatWebServer - Tomcat initialized with port 8080 (http)
2025-12-11 14:41:47.313 [main] INFO  org.apache.coyote.http11.Http11NioProtocol - Initializing ProtocolHandler ["http-nio-8080"]
2025-12-11 14:41:47.315 [main] INFO  org.apache.catalina.core.StandardService - Starting service [Tomcat]
2025-12-11 14:41:47.315 [main] INFO  org.apache.catalina.core.StandardEngine - Starting Servlet engine: [Apache Tomcat/10.1.16]
2025-12-11 14:41:47.395 [main] INFO  o.a.c.core.ContainerBase.[Tomcat].[localhost].[/] - Initializing Spring embedded WebApplicationContext
2025-12-11 14:41:47.395 [main] INFO  o.s.b.w.s.c.ServletWebServerApplicationContext - Root WebApplicationContext: initialization completed in 2006 ms
2025-12-11 14:41:48.092 [main] INFO  org.redisson.Version - Redisson 3.25.0
2025-12-11 14:41:48.449 [redisson-netty-2-5] INFO  o.r.connection.pool.MasterPubSubConnectionPool - 1 connections initialized for localhost/127.0.0.1:6379
2025-12-11 14:41:48.466 [redisson-netty-2-14] INFO  org.redisson.connection.pool.MasterConnectionPool - 5 connections initialized for localhost/127.0.0.1:6379
2025-12-11 14:41:49.230 [main] INFO  o.s.b.actuate.endpoint.web.EndpointLinksResolver - Exposing 1 endpoint(s) beneath base path '/actuator'
2025-12-11 14:41:49.281 [main] INFO  o.s.security.web.DefaultSecurityFilterChain - Will secure any request with [org.springframework.security.web.session.DisableEncodeUrlFilter@923bf67, org.springframework.security.web.context.request.async.WebAsyncManagerIntegrationFilter@938e54a, org.springframework.security.web.context.SecurityContextHolderFilter@3c39c739, org.springframework.security.web.header.HeaderWriterFilter@6fc03cf6, org.springframework.security.web.authentication.logout.LogoutFilter@4d204b30, app.intelligent.resume.security.JwtAuthenticationFilter@6a6a2fdd, org.springframework.security.web.savedrequest.RequestCacheAwareFilter@2e8eafb2, org.springframework.security.web.servletapi.SecurityContextHolderAwareRequestFilter@7a3f3bc4, org.springframework.security.web.authentication.AnonymousAuthenticationFilter@220d7eb7, org.springframework.security.web.session.SessionManagementFilter@eef6e, org.springframework.security.web.access.ExceptionTranslationFilter@ab3b54, org.springframework.security.web.access.intercept.AuthorizationFilter@48590849]
2025-12-11 14:41:49.837 [main] INFO  org.apache.coyote.http11.Http11NioProtocol - Starting ProtocolHandler ["http-nio-8080"]
2025-12-11 14:41:49.857 [main] INFO  o.s.boot.web.embedded.tomcat.TomcatWebServer - Tomcat started on port 8080 (http) with context path ''
2025-12-11 14:41:49.874 [main] INFO  a.intelligent.resume.IntelligentResumeApplication - Started IntelligentResumeApplication in 5.094 seconds (process running for 6.448)
2025-12-11 14:41:50.038 [RMI TCP Connection(2)-192.168.14.1] INFO  o.a.c.core.ContainerBase.[Tomcat].[localhost].[/] - Initializing Spring DispatcherServlet 'dispatcherServlet'
2025-12-11 14:41:50.039 [RMI TCP Connection(2)-192.168.14.1] INFO  org.springframework.web.servlet.DispatcherServlet - Initializing Servlet 'dispatcherServlet'
2025-12-11 14:41:50.042 [RMI TCP Connection(2)-192.168.14.1] INFO  org.springframework.web.servlet.DispatcherServlet - Completed initialization in 2 ms
2025-12-11 14:41:50.049 [RMI TCP Connection(3)-192.168.14.1] INFO  com.zaxxer.hikari.HikariDataSource - HikariPool-1 - Starting...
2025-12-11 14:41:50.267 [RMI TCP Connection(3)-192.168.14.1] INFO  com.zaxxer.hikari.pool.HikariPool - HikariPool-1 - Added connection com.mysql.jdbc.JDBC4Connection@3a7de6c9
2025-12-11 14:41:50.272 [RMI TCP Connection(3)-192.168.14.1] INFO  com.zaxxer.hikari.HikariDataSource - HikariPool-1 - Start completed.
2025-12-11 14:44:24.516 [http-nio-8080-exec-2] INFO  a.intelligent.resume.service.impl.AuthServiceImpl - 用户登录, phone=13800138001
2025-12-11 14:44:24.882 [http-nio-8080-exec-2] INFO  a.intelligent.resume.service.impl.AuthServiceImpl - 用户登录成功, phone=13800138001, userId=2
2025-12-11 15:38:42.334 [SpringApplicationShutdownHook] INFO  com.zaxxer.hikari.HikariDataSource - HikariPool-1 - Shutdown initiated...
2025-12-11 15:38:42.338 [SpringApplicationShutdownHook] INFO  com.zaxxer.hikari.HikariDataSource - HikariPool-1 - Shutdown completed.
2025-12-11 16:05:36.034 [background-preinit] INFO  org.hibernate.validator.internal.util.Version - HV000001: Hibernate Validator 8.0.1.Final
2025-12-11 16:05:36.064 [main] INFO  a.intelligent.resume.IntelligentResumeApplication - Starting IntelligentResumeApplication using Java 21.0.9 with PID 31928 (E:\AI_Project\IntelligentResume\IntelligentResume_back\target\classes started by Lenovo in E:\AI_Project\IntelligentResume\IntelligentResume_back)
2025-12-11 16:05:36.065 [main] INFO  a.intelligent.resume.IntelligentResumeApplication - The following 1 profile is active: "dev"
2025-12-11 16:05:37.244 [main] INFO  o.s.d.r.config.RepositoryConfigurationDelegate - Multiple Spring Data modules found, entering strict repository configuration mode
2025-12-11 16:05:37.247 [main] INFO  o.s.d.r.config.RepositoryConfigurationDelegate - Bootstrapping Spring Data Redis repositories in DEFAULT mode.
2025-12-11 16:05:37.284 [main] INFO  o.s.d.r.config.RepositoryConfigurationDelegate - Finished Spring Data repository scanning in 25 ms. Found 0 Redis repository interfaces.
2025-12-11 16:05:38.133 [main] INFO  o.s.boot.web.embedded.tomcat.TomcatWebServer - Tomcat initialized with port 8080 (http)
2025-12-11 16:05:38.140 [main] INFO  org.apache.coyote.http11.Http11NioProtocol - Initializing ProtocolHandler ["http-nio-8080"]
2025-12-11 16:05:38.141 [main] INFO  org.apache.catalina.core.StandardService - Starting service [Tomcat]
2025-12-11 16:05:38.142 [main] INFO  org.apache.catalina.core.StandardEngine - Starting Servlet engine: [Apache Tomcat/10.1.16]
2025-12-11 16:05:38.225 [main] INFO  o.a.c.core.ContainerBase.[Tomcat].[localhost].[/] - Initializing Spring embedded WebApplicationContext
2025-12-11 16:05:38.226 [main] INFO  o.s.b.w.s.c.ServletWebServerApplicationContext - Root WebApplicationContext: initialization completed in 2120 ms
2025-12-11 16:05:38.956 [main] INFO  org.redisson.Version - Redisson 3.25.0
2025-12-11 16:05:39.297 [redisson-netty-2-5] INFO  o.r.connection.pool.MasterPubSubConnectionPool - 1 connections initialized for localhost/127.0.0.1:6379
2025-12-11 16:05:39.314 [redisson-netty-2-14] INFO  org.redisson.connection.pool.MasterConnectionPool - 5 connections initialized for localhost/127.0.0.1:6379
2025-12-11 16:05:40.054 [main] INFO  o.s.b.actuate.endpoint.web.EndpointLinksResolver - Exposing 1 endpoint(s) beneath base path '/actuator'
2025-12-11 16:05:40.103 [main] INFO  o.s.security.web.DefaultSecurityFilterChain - Will secure any request with [org.springframework.security.web.session.DisableEncodeUrlFilter@4a532271, org.springframework.security.web.context.request.async.WebAsyncManagerIntegrationFilter@35b38986, org.springframework.security.web.context.SecurityContextHolderFilter@69a031a4, org.springframework.security.web.header.HeaderWriterFilter@2e8eafb2, org.springframework.security.web.authentication.logout.LogoutFilter@938e54a, app.intelligent.resume.security.JwtAuthenticationFilter@54d35ed5, org.springframework.security.web.savedrequest.RequestCacheAwareFilter@4b9dd787, org.springframework.security.web.servletapi.SecurityContextHolderAwareRequestFilter@3545c913, org.springframework.security.web.authentication.AnonymousAuthenticationFilter@1c000c2f, org.springframework.security.web.session.SessionManagementFilter@37ad818e, org.springframework.security.web.access.ExceptionTranslationFilter@3c39c739, org.springframework.security.web.access.intercept.AuthorizationFilter@62f3ad90]
2025-12-11 16:05:40.582 [main] INFO  org.apache.coyote.http11.Http11NioProtocol - Starting ProtocolHandler ["http-nio-8080"]
2025-12-11 16:05:40.600 [main] INFO  o.s.boot.web.embedded.tomcat.TomcatWebServer - Tomcat started on port 8080 (http) with context path ''
2025-12-11 16:05:40.615 [main] INFO  a.intelligent.resume.IntelligentResumeApplication - Started IntelligentResumeApplication in 5.139 seconds (process running for 6.297)
2025-12-11 16:05:40.813 [RMI TCP Connection(1)-192.168.14.1] INFO  o.a.c.core.ContainerBase.[Tomcat].[localhost].[/] - Initializing Spring DispatcherServlet 'dispatcherServlet'
2025-12-11 16:05:40.813 [RMI TCP Connection(1)-192.168.14.1] INFO  org.springframework.web.servlet.DispatcherServlet - Initializing Servlet 'dispatcherServlet'
2025-12-11 16:05:40.815 [RMI TCP Connection(1)-192.168.14.1] INFO  org.springframework.web.servlet.DispatcherServlet - Completed initialization in 2 ms
2025-12-11 16:05:40.816 [RMI TCP Connection(3)-192.168.14.1] INFO  com.zaxxer.hikari.HikariDataSource - HikariPool-1 - Starting...
2025-12-11 16:05:41.018 [RMI TCP Connection(3)-192.168.14.1] INFO  com.zaxxer.hikari.pool.HikariPool - HikariPool-1 - Added connection com.mysql.jdbc.JDBC4Connection@2d5c2675
2025-12-11 16:05:41.022 [RMI TCP Connection(3)-192.168.14.1] INFO  com.zaxxer.hikari.HikariDataSource - HikariPool-1 - Start completed.
2025-12-11 17:38:27.830 [SpringApplicationShutdownHook] INFO  com.zaxxer.hikari.HikariDataSource - HikariPool-1 - Shutdown initiated...
2025-12-11 17:38:27.836 [SpringApplicationShutdownHook] INFO  com.zaxxer.hikari.HikariDataSource - HikariPool-1 - Shutdown completed.
2025-12-11 17:39:01.983 [background-preinit] INFO  org.hibernate.validator.internal.util.Version - HV000001: Hibernate Validator 8.0.1.Final
2025-12-11 17:39:02.015 [main] INFO  a.intelligent.resume.IntelligentResumeApplication - Starting IntelligentResumeApplication using Java 21.0.9 with PID 41188 (E:\AI_Project\IntelligentResume\IntelligentResume_back\target\classes started by Lenovo in E:\AI_Project\IntelligentResume\IntelligentResume_back)
2025-12-11 17:39:02.016 [main] INFO  a.intelligent.resume.IntelligentResumeApplication - The following 1 profile is active: "dev"
2025-12-11 17:39:03.137 [main] INFO  o.s.d.r.config.RepositoryConfigurationDelegate - Multiple Spring Data modules found, entering strict repository configuration mode
2025-12-11 17:39:03.139 [main] INFO  o.s.d.r.config.RepositoryConfigurationDelegate - Bootstrapping Spring Data Redis repositories in DEFAULT mode.
2025-12-11 17:39:03.177 [main] INFO  o.s.d.r.config.RepositoryConfigurationDelegate - Finished Spring Data repository scanning in 26 ms. Found 0 Redis repository interfaces.
2025-12-11 17:39:03.962 [main] INFO  o.s.boot.web.embedded.tomcat.TomcatWebServer - Tomcat initialized with port 8080 (http)
2025-12-11 17:39:03.970 [main] INFO  org.apache.coyote.http11.Http11NioProtocol - Initializing ProtocolHandler ["http-nio-8080"]
2025-12-11 17:39:03.972 [main] INFO  org.apache.catalina.core.StandardService - Starting service [Tomcat]
2025-12-11 17:39:03.972 [main] INFO  org.apache.catalina.core.StandardEngine - Starting Servlet engine: [Apache Tomcat/10.1.16]
2025-12-11 17:39:04.039 [main] INFO  o.a.c.core.ContainerBase.[Tomcat].[localhost].[/] - Initializing Spring embedded WebApplicationContext
2025-12-11 17:39:04.040 [main] INFO  o.s.b.w.s.c.ServletWebServerApplicationContext - Root WebApplicationContext: initialization completed in 1981 ms
2025-12-11 17:39:04.708 [main] INFO  org.redisson.Version - Redisson 3.25.0
2025-12-11 17:39:05.070 [redisson-netty-2-5] INFO  o.r.connection.pool.MasterPubSubConnectionPool - 1 connections initialized for localhost/127.0.0.1:6379
2025-12-11 17:39:05.083 [redisson-netty-2-14] INFO  org.redisson.connection.pool.MasterConnectionPool - 5 connections initialized for localhost/127.0.0.1:6379
2025-12-11 17:39:06.204 [main] INFO  o.s.b.actuate.endpoint.web.EndpointLinksResolver - Exposing 1 endpoint(s) beneath base path '/actuator'
2025-12-11 17:39:06.259 [main] INFO  o.s.security.web.DefaultSecurityFilterChain - Will secure any request with [org.springframework.security.web.session.DisableEncodeUrlFilter@1c2273f6, org.springframework.security.web.context.request.async.WebAsyncManagerIntegrationFilter@411e567e, org.springframework.security.web.context.SecurityContextHolderFilter@4c5ae26d, org.springframework.security.web.header.HeaderWriterFilter@27b7913, org.springframework.security.web.authentication.logout.LogoutFilter@6a08113d, app.intelligent.resume.security.JwtAuthenticationFilter@15d0b458, org.springframework.security.web.savedrequest.RequestCacheAwareFilter@5dd5422f, org.springframework.security.web.servletapi.SecurityContextHolderAwareRequestFilter@158b8d10, org.springframework.security.web.authentication.AnonymousAuthenticationFilter@4e58eda2, org.springframework.security.web.session.SessionManagementFilter@299615a5, org.springframework.security.web.access.ExceptionTranslationFilter@20ee660b, org.springframework.security.web.access.intercept.AuthorizationFilter@259f0fdb]
2025-12-11 17:39:06.850 [main] INFO  org.apache.coyote.http11.Http11NioProtocol - Starting ProtocolHandler ["http-nio-8080"]
2025-12-11 17:39:06.863 [main] INFO  o.s.boot.web.embedded.tomcat.TomcatWebServer - Tomcat started on port 8080 (http) with context path ''
2025-12-11 17:39:06.880 [main] INFO  a.intelligent.resume.IntelligentResumeApplication - Started IntelligentResumeApplication in 5.403 seconds (process running for 7.661)
2025-12-11 17:43:10.046 [background-preinit] INFO  org.hibernate.validator.internal.util.Version - HV000001: Hibernate Validator 8.0.1.Final
2025-12-11 17:43:10.085 [main] INFO  a.intelligent.resume.IntelligentResumeApplication - Starting IntelligentResumeApplication using Java 21.0.9 with PID 47816 (E:\AI_Project\IntelligentResume\IntelligentResume_back\target\classes started by Lenovo in E:\AI_Project\IntelligentResume\IntelligentResume_back)
2025-12-11 17:43:10.086 [main] INFO  a.intelligent.resume.IntelligentResumeApplication - The following 1 profile is active: "dev"
2025-12-11 17:43:11.176 [main] INFO  o.s.d.r.config.RepositoryConfigurationDelegate - Multiple Spring Data modules found, entering strict repository configuration mode
2025-12-11 17:43:11.179 [main] INFO  o.s.d.r.config.RepositoryConfigurationDelegate - Bootstrapping Spring Data Redis repositories in DEFAULT mode.
2025-12-11 17:43:11.216 [main] INFO  o.s.d.r.config.RepositoryConfigurationDelegate - Finished Spring Data repository scanning in 25 ms. Found 0 Redis repository interfaces.
2025-12-11 17:43:12.031 [main] INFO  o.s.boot.web.embedded.tomcat.TomcatWebServer - Tomcat initialized with port 8080 (http)
2025-12-11 17:43:12.038 [main] INFO  org.apache.coyote.http11.Http11NioProtocol - Initializing ProtocolHandler ["http-nio-8080"]
2025-12-11 17:43:12.040 [main] INFO  org.apache.catalina.core.StandardService - Starting service [Tomcat]
2025-12-11 17:43:12.040 [main] INFO  org.apache.catalina.core.StandardEngine - Starting Servlet engine: [Apache Tomcat/10.1.16]
2025-12-11 17:43:12.109 [main] INFO  o.a.c.core.ContainerBase.[Tomcat].[localhost].[/] - Initializing Spring embedded WebApplicationContext
2025-12-11 17:43:12.109 [main] INFO  o.s.b.w.s.c.ServletWebServerApplicationContext - Root WebApplicationContext: initialization completed in 1978 ms
2025-12-11 17:43:12.772 [main] INFO  org.redisson.Version - Redisson 3.25.0
2025-12-11 17:43:13.108 [redisson-netty-2-5] INFO  o.r.connection.pool.MasterPubSubConnectionPool - 1 connections initialized for localhost/127.0.0.1:6379
2025-12-11 17:43:13.121 [redisson-netty-2-14] INFO  org.redisson.connection.pool.MasterConnectionPool - 5 connections initialized for localhost/127.0.0.1:6379
2025-12-11 17:43:14.205 [main] INFO  o.s.b.actuate.endpoint.web.EndpointLinksResolver - Exposing 1 endpoint(s) beneath base path '/actuator'
2025-12-11 17:43:14.254 [main] INFO  o.s.security.web.DefaultSecurityFilterChain - Will secure any request with [org.springframework.security.web.session.DisableEncodeUrlFilter@1f062e10, org.springframework.security.web.context.request.async.WebAsyncManagerIntegrationFilter@36dbfa68, org.springframework.security.web.context.SecurityContextHolderFilter@4ff00844, org.springframework.security.web.header.HeaderWriterFilter@4ceb368b, org.springframework.security.web.authentication.logout.LogoutFilter@3344c1d7, app.intelligent.resume.security.JwtAuthenticationFilter@48f4264e, org.springframework.security.web.savedrequest.RequestCacheAwareFilter@40e41f88, org.springframework.security.web.servletapi.SecurityContextHolderAwareRequestFilter@27b7913, org.springframework.security.web.authentication.AnonymousAuthenticationFilter@6a08113d, org.springframework.security.web.session.SessionManagementFilter@4a84beb7, org.springframework.security.web.access.ExceptionTranslationFilter@68ee7b3b, org.springframework.security.web.access.intercept.AuthorizationFilter@462deb2b]
2025-12-11 17:43:14.769 [main] INFO  org.apache.coyote.http11.Http11NioProtocol - Starting ProtocolHandler ["http-nio-8080"]
2025-12-11 17:43:14.781 [main] INFO  o.s.boot.web.embedded.tomcat.TomcatWebServer - Tomcat started on port 8080 (http) with context path ''
2025-12-11 17:43:14.797 [main] INFO  a.intelligent.resume.IntelligentResumeApplication - Started IntelligentResumeApplication in 5.271 seconds (process running for 6.69)
2025-12-11 17:43:15.289 [RMI TCP Connection(2)-192.168.14.1] INFO  o.a.c.core.ContainerBase.[Tomcat].[localhost].[/] - Initializing Spring DispatcherServlet 'dispatcherServlet'
2025-12-11 17:43:15.289 [RMI TCP Connection(2)-192.168.14.1] INFO  org.springframework.web.servlet.DispatcherServlet - Initializing Servlet 'dispatcherServlet'
2025-12-11 17:43:15.291 [RMI TCP Connection(2)-192.168.14.1] INFO  org.springframework.web.servlet.DispatcherServlet - Completed initialization in 2 ms
2025-12-11 17:43:15.294 [RMI TCP Connection(1)-192.168.14.1] INFO  com.zaxxer.hikari.HikariDataSource - HikariPool-1 - Starting...
2025-12-11 17:43:15.476 [RMI TCP Connection(1)-192.168.14.1] INFO  com.zaxxer.hikari.pool.HikariPool - HikariPool-1 - Added connection com.mysql.jdbc.JDBC4Connection@5837d31
2025-12-11 17:43:15.480 [RMI TCP Connection(1)-192.168.14.1] INFO  com.zaxxer.hikari.HikariDataSource - HikariPool-1 - Start completed.
2025-12-11 17:44:16.430 [SpringApplicationShutdownHook] INFO  com.zaxxer.hikari.HikariDataSource - HikariPool-1 - Shutdown initiated...
2025-12-11 17:44:16.434 [SpringApplicationShutdownHook] INFO  com.zaxxer.hikari.HikariDataSource - HikariPool-1 - Shutdown completed.
2025-12-11 17:44:19.584 [background-preinit] INFO  org.hibernate.validator.internal.util.Version - HV000001: Hibernate Validator 8.0.1.Final
2025-12-11 17:44:19.618 [main] INFO  a.intelligent.resume.IntelligentResumeApplication - Starting IntelligentResumeApplication using Java 21.0.9 with PID 52952 (E:\AI_Project\IntelligentResume\IntelligentResume_back\target\classes started by Lenovo in E:\AI_Project\IntelligentResume\IntelligentResume_back)
2025-12-11 17:44:19.619 [main] INFO  a.intelligent.resume.IntelligentResumeApplication - The following 1 profile is active: "dev"
2025-12-11 17:44:20.741 [main] INFO  o.s.d.r.config.RepositoryConfigurationDelegate - Multiple Spring Data modules found, entering strict repository configuration mode
2025-12-11 17:44:20.744 [main] INFO  o.s.d.r.config.RepositoryConfigurationDelegate - Bootstrapping Spring Data Redis repositories in DEFAULT mode.
2025-12-11 17:44:20.783 [main] INFO  o.s.d.r.config.RepositoryConfigurationDelegate - Finished Spring Data repository scanning in 26 ms. Found 0 Redis repository interfaces.
2025-12-11 17:44:21.597 [main] INFO  o.s.boot.web.embedded.tomcat.TomcatWebServer - Tomcat initialized with port 8080 (http)
2025-12-11 17:44:21.605 [main] INFO  org.apache.coyote.http11.Http11NioProtocol - Initializing ProtocolHandler ["http-nio-8080"]
2025-12-11 17:44:21.607 [main] INFO  org.apache.catalina.core.StandardService - Starting service [Tomcat]
2025-12-11 17:44:21.607 [main] INFO  org.apache.catalina.core.StandardEngine - Starting Servlet engine: [Apache Tomcat/10.1.16]
2025-12-11 17:44:21.685 [main] INFO  o.a.c.core.ContainerBase.[Tomcat].[localhost].[/] - Initializing Spring embedded WebApplicationContext
2025-12-11 17:44:21.685 [main] INFO  o.s.b.w.s.c.ServletWebServerApplicationContext - Root WebApplicationContext: initialization completed in 2020 ms
2025-12-11 17:44:22.400 [main] INFO  org.redisson.Version - Redisson 3.25.0
2025-12-11 17:44:22.760 [redisson-netty-2-5] INFO  o.r.connection.pool.MasterPubSubConnectionPool - 1 connections initialized for localhost/127.0.0.1:6379
2025-12-11 17:44:22.774 [redisson-netty-2-14] INFO  org.redisson.connection.pool.MasterConnectionPool - 5 connections initialized for localhost/127.0.0.1:6379
2025-12-11 17:44:23.897 [main] INFO  o.s.b.actuate.endpoint.web.EndpointLinksResolver - Exposing 1 endpoint(s) beneath base path '/actuator'
2025-12-11 17:44:23.945 [main] INFO  o.s.security.web.DefaultSecurityFilterChain - Will secure any request with [org.springframework.security.web.session.DisableEncodeUrlFilter@289b7efe, org.springframework.security.web.context.request.async.WebAsyncManagerIntegrationFilter@34ac72c3, org.springframework.security.web.context.SecurityContextHolderFilter@700596f9, org.springframework.security.web.header.HeaderWriterFilter@73796ae5, org.springframework.security.web.authentication.logout.LogoutFilter@6b6cf3c1, app.intelligent.resume.security.JwtAuthenticationFilter@23c00420, org.springframework.security.web.savedrequest.RequestCacheAwareFilter@33293b34, org.springframework.security.web.servletapi.SecurityContextHolderAwareRequestFilter@68a1bb31, org.springframework.security.web.authentication.AnonymousAuthenticationFilter@6cd8c373, org.springframework.security.web.session.SessionManagementFilter@2c4eda3a, org.springframework.security.web.access.ExceptionTranslationFilter@27563444, org.springframework.security.web.access.intercept.AuthorizationFilter@42bbd21c]
2025-12-11 17:44:24.466 [main] INFO  org.apache.coyote.http11.Http11NioProtocol - Starting ProtocolHandler ["http-nio-8080"]
2025-12-11 17:44:24.478 [main] INFO  o.s.boot.web.embedded.tomcat.TomcatWebServer - Tomcat started on port 8080 (http) with context path ''
2025-12-11 17:44:24.492 [main] INFO  a.intelligent.resume.IntelligentResumeApplication - Started IntelligentResumeApplication in 5.419 seconds (process running for 6.686)
2025-12-11 17:44:24.651 [RMI TCP Connection(4)-192.168.14.1] INFO  o.a.c.core.ContainerBase.[Tomcat].[localhost].[/] - Initializing Spring DispatcherServlet 'dispatcherServlet'
2025-12-11 17:44:24.651 [RMI TCP Connection(4)-192.168.14.1] INFO  org.springframework.web.servlet.DispatcherServlet - Initializing Servlet 'dispatcherServlet'
2025-12-11 17:44:24.653 [RMI TCP Connection(4)-192.168.14.1] INFO  org.springframework.web.servlet.DispatcherServlet - Completed initialization in 2 ms
2025-12-11 17:44:24.654 [RMI TCP Connection(3)-192.168.14.1] INFO  com.zaxxer.hikari.HikariDataSource - HikariPool-1 - Starting...
2025-12-11 17:44:24.852 [RMI TCP Connection(3)-192.168.14.1] INFO  com.zaxxer.hikari.pool.HikariPool - HikariPool-1 - Added connection com.mysql.jdbc.JDBC4Connection@7a1ba4ea
2025-12-11 17:44:24.855 [RMI TCP Connection(3)-192.168.14.1] INFO  com.zaxxer.hikari.HikariDataSource - HikariPool-1 - Start completed.
2025-12-11 17:54:52.355 [http-nio-8080-exec-5] INFO  a.intelligent.resume.service.impl.AuthServiceImpl - 用户登录, phone=13800138001
2025-12-11 17:54:52.764 [http-nio-8080-exec-5] INFO  a.intelligent.resume.service.impl.AuthServiceImpl - 用户登录成功, phone=13800138001, userId=2
2025-12-11 18:07:31.914 [http-nio-8080-exec-2] INFO  a.i.r.service.impl.MinioFileStorageServiceImpl - 文件上传成功, objectName=avatar/2025/12/11/efe8b73618954508ba8f0b061553b8b5.jpg, fileUrl=http://localhost:9005/avatar/avatar/2025/12/11/efe8b73618954508ba8f0b061553b8b5.jpg
2025-12-11 18:07:31.991 [http-nio-8080-exec-2] INFO  a.intelligent.resume.service.impl.UserServiceImpl - 用户更新头像成功, userId=2
2025-12-11 18:27:25.031 [http-nio-8080-exec-3] INFO  a.intelligent.resume.service.impl.UserServiceImpl - 用户更新个人信息成功, userId=2
2025-12-11 18:30:14.215 [http-nio-8080-exec-5] INFO  a.intelligent.resume.service.impl.AuthServiceImpl - 用户登录, phone=13800138002
2025-12-11 18:30:14.294 [http-nio-8080-exec-5] INFO  a.intelligent.resume.service.impl.AuthServiceImpl - 用户登录成功, phone=13800138002, userId=3
2025-12-11 18:34:39.781 [http-nio-8080-exec-6] INFO  a.intelligent.resume.service.impl.UserServiceImpl - 用户更新个人信息成功, userId=3
2025-12-11 19:10:02.836 [http-nio-8080-exec-5] INFO  a.intelligent.resume.service.impl.AuthServiceImpl - 用户登录, phone=13800138001
2025-12-11 19:10:02.918 [http-nio-8080-exec-5] INFO  a.intelligent.resume.service.impl.AuthServiceImpl - 用户登录成功, phone=13800138001, userId=2
2025-12-11 19:10:49.556 [http-nio-8080-exec-9] INFO  a.intelligent.resume.service.impl.UserServiceImpl - 用户修改密码成功, userId=2
2025-12-11 19:23:07.532 [http-nio-8080-exec-6] INFO  a.i.resume.service.impl.VerifyCodeServiceImpl - 开始发送验证码, phone=13800138000, type=RESET_PASSWORD, requestId=uuid-001, ip=0:0:0:0:0:0:0:1
2025-12-11 19:23:07.636 [http-nio-8080-exec-6] INFO  a.i.resume.service.impl.VerifyCodeServiceImpl - 生成验证码成功, phone=13800138000, code=328908
2025-12-11 19:23:07.637 [http-nio-8080-exec-6] INFO  a.intelligent.resume.service.impl.SmsServiceImpl - === [Mock SMS] 发送验证码 ===
2025-12-11 19:23:07.637 [http-nio-8080-exec-6] INFO  a.intelligent.resume.service.impl.SmsServiceImpl - 手机号: 13800138000
2025-12-11 19:23:07.637 [http-nio-8080-exec-6] INFO  a.intelligent.resume.service.impl.SmsServiceImpl - 验证码: 328908
2025-12-11 19:23:07.637 [http-nio-8080-exec-6] INFO  a.intelligent.resume.service.impl.SmsServiceImpl - 类型: 重置密码验证码
2025-12-11 19:23:07.637 [http-nio-8080-exec-6] INFO  a.intelligent.resume.service.impl.SmsServiceImpl - 短信内容: 【智能简历】您的重置密码验证码验证码为：328908，10分钟内有效，请勿泄露给他人。
2025-12-11 19:23:07.637 [http-nio-8080-exec-6] INFO  a.intelligent.resume.service.impl.SmsServiceImpl - ========================
2025-12-11 19:23:07.653 [http-nio-8080-exec-6] INFO  a.i.resume.service.impl.VerifyCodeServiceImpl - 验证码发送成功, phone=13800138000
2025-12-11 19:23:57.344 [http-nio-8080-exec-1] INFO  a.i.resume.service.impl.VerifyCodeServiceImpl - 开始验证验证码, phone=13800138000, inputCode=328908, type=RESET_PASSWORD
2025-12-11 19:23:57.360 [http-nio-8080-exec-1] INFO  a.i.resume.service.impl.VerifyCodeServiceImpl - 验证码验证成功, phone=13800138000
2025-12-11 19:25:55.694 [http-nio-8080-exec-9] INFO  a.i.resume.service.impl.VerifyCodeServiceImpl - 开始发送验证码, phone=13800138000, type=RESET_PASSWORD, requestId=uuid-001, ip=0:0:0:0:0:0:0:1
2025-12-11 19:26:09.183 [http-nio-8080-exec-4] INFO  a.i.resume.service.impl.VerifyCodeServiceImpl - 开始验证验证码, phone=13800138000, inputCode=328908, type=RESET_PASSWORD
2025-12-11 19:26:09.185 [http-nio-8080-exec-4] INFO  a.i.resume.service.impl.VerifyCodeServiceImpl - 验证码验证成功, phone=13800138000
2025-12-11 19:44:28.782 [http-nio-8080-exec-1] INFO  a.i.resume.service.impl.VerifyCodeServiceImpl - 开始发送验证码, phone=13800138000, type=BIND_PHONE, requestId=uuid-001, ip=0:0:0:0:0:0:0:1
2025-12-11 19:44:28.784 [http-nio-8080-exec-1] INFO  a.i.resume.service.impl.VerifyCodeServiceImpl - 生成验证码成功, phone=13800138000, code=796979
2025-12-11 19:44:28.784 [http-nio-8080-exec-1] INFO  a.intelligent.resume.service.impl.SmsServiceImpl - === [Mock SMS] 发送验证码 ===
2025-12-11 19:44:28.785 [http-nio-8080-exec-1] INFO  a.intelligent.resume.service.impl.SmsServiceImpl - 手机号: 13800138000
2025-12-11 19:44:28.785 [http-nio-8080-exec-1] INFO  a.intelligent.resume.service.impl.SmsServiceImpl - 验证码: 796979
2025-12-11 19:44:28.785 [http-nio-8080-exec-1] INFO  a.intelligent.resume.service.impl.SmsServiceImpl - 类型: 绑定手机号验证码
2025-12-11 19:44:28.785 [http-nio-8080-exec-1] INFO  a.intelligent.resume.service.impl.SmsServiceImpl - 短信内容: 【智能简历】您的绑定手机号验证码验证码为：796979，10分钟内有效，请勿泄露给他人。
2025-12-11 19:44:28.785 [http-nio-8080-exec-1] INFO  a.intelligent.resume.service.impl.SmsServiceImpl - ========================
2025-12-11 19:44:28.787 [http-nio-8080-exec-1] INFO  a.i.resume.service.impl.VerifyCodeServiceImpl - 验证码发送成功, phone=13800138000
2025-12-11 19:44:41.089 [http-nio-8080-exec-3] INFO  a.i.resume.service.impl.VerifyCodeServiceImpl - 开始验证验证码, phone=13800138000, inputCode=796979, type=BIND_PHONE
2025-12-11 19:44:41.091 [http-nio-8080-exec-3] INFO  a.i.resume.service.impl.VerifyCodeServiceImpl - 验证码验证成功, phone=13800138000
2025-12-11 19:44:47.222 [http-nio-8080-exec-2] INFO  a.i.resume.service.impl.VerifyCodeServiceImpl - 删除验证码, phone=13800138000, type=BIND_PHONE
2025-12-11 19:44:47.222 [http-nio-8080-exec-2] INFO  a.intelligent.resume.service.impl.UserServiceImpl - 用户修改手机号成功, userId=2, oldPhone=13800138001, newPhone=13800138000
2025-12-11 19:52:45.463 [http-nio-8080-exec-9] INFO  a.intelligent.resume.service.impl.AuthServiceImpl - 用户登录, phone=13800000001
2025-12-11 19:56:42.819 [http-nio-8080-exec-6] INFO  a.intelligent.resume.service.impl.AuthServiceImpl - 用户登录, phone=13800000001
2025-12-11 19:56:42.898 [http-nio-8080-exec-6] INFO  a.intelligent.resume.service.impl.AuthServiceImpl - 用户登录成功, phone=13800000001, userId=1
2025-12-11 20:10:48.757 [http-nio-8080-exec-4] INFO  a.intelligent.resume.service.impl.UserServiceImpl - 更新用户状态成功, userId=3, status=0
2025-12-11 20:11:03.824 [http-nio-8080-exec-8] INFO  a.intelligent.resume.service.impl.UserServiceImpl - 更新用户状态成功, userId=3, status=1
2025-12-23 16:19:57.336 [background-preinit] INFO  org.hibernate.validator.internal.util.Version - HV000001: Hibernate Validator 8.0.1.Final
2025-12-23 16:19:57.396 [main] INFO  a.intelligent.resume.IntelligentResumeApplication - Starting IntelligentResumeApplication using Java 21.0.9 with PID 25320 (E:\AI_Project\IntelligentResume\IntelligentResume_back\target\classes started by Lenovo in E:\AI_Project\IntelligentResume\IntelligentResume_back)
2025-12-23 16:19:57.397 [main] INFO  a.intelligent.resume.IntelligentResumeApplication - The following 1 profile is active: "dev"
2025-12-23 16:21:41.725 [background-preinit] INFO  org.hibernate.validator.internal.util.Version - HV000001: Hibernate Validator 8.0.1.Final
2025-12-23 16:21:41.754 [main] INFO  a.intelligent.resume.IntelligentResumeApplication - Starting IntelligentResumeApplication using Java 21.0.9 with PID 13860 (E:\AI_Project\IntelligentResume\IntelligentResume_back\target\classes started by Lenovo in E:\AI_Project\IntelligentResume\IntelligentResume_back)
2025-12-23 16:21:41.755 [main] INFO  a.intelligent.resume.IntelligentResumeApplication - The following 1 profile is active: "dev"
2025-12-23 16:21:42.933 [main] INFO  o.s.d.r.config.RepositoryConfigurationDelegate - Multiple Spring Data modules found, entering strict repository configuration mode
2025-12-23 16:21:42.936 [main] INFO  o.s.d.r.config.RepositoryConfigurationDelegate - Bootstrapping Spring Data Redis repositories in DEFAULT mode.
2025-12-23 16:21:42.975 [main] INFO  o.s.d.r.config.RepositoryConfigurationDelegate - Finished Spring Data repository scanning in 26 ms. Found 0 Redis repository interfaces.
2025-12-23 16:21:43.896 [main] INFO  o.s.boot.web.embedded.tomcat.TomcatWebServer - Tomcat initialized with port 8080 (http)
2025-12-23 16:21:43.906 [main] INFO  org.apache.coyote.http11.Http11NioProtocol - Initializing ProtocolHandler ["http-nio-8080"]
2025-12-23 16:21:43.908 [main] INFO  org.apache.catalina.core.StandardService - Starting service [Tomcat]
2025-12-23 16:21:43.908 [main] INFO  org.apache.catalina.core.StandardEngine - Starting Servlet engine: [Apache Tomcat/10.1.16]
2025-12-23 16:21:43.986 [main] INFO  o.a.c.core.ContainerBase.[Tomcat].[localhost].[/] - Initializing Spring embedded WebApplicationContext
2025-12-23 16:21:43.987 [main] INFO  o.s.b.w.s.c.ServletWebServerApplicationContext - Root WebApplicationContext: initialization completed in 2188 ms
2025-12-23 16:21:44.658 [main] INFO  org.redisson.Version - Redisson 3.25.0
2025-12-23 16:21:45.005 [redisson-netty-2-5] INFO  o.r.connection.pool.MasterPubSubConnectionPool - 1 connections initialized for localhost/127.0.0.1:6379
2025-12-23 16:21:45.018 [redisson-netty-2-14] INFO  org.redisson.connection.pool.MasterConnectionPool - 5 connections initialized for localhost/127.0.0.1:6379
2025-12-23 16:21:46.019 [main] INFO  o.s.b.actuate.endpoint.web.EndpointLinksResolver - Exposing 1 endpoint(s) beneath base path '/actuator'
2025-12-23 16:21:46.064 [main] INFO  o.s.security.web.DefaultSecurityFilterChain - Will secure any request with [org.springframework.security.web.session.DisableEncodeUrlFilter@2ddb6c71, org.springframework.security.web.context.request.async.WebAsyncManagerIntegrationFilter@29f114e0, org.springframework.security.web.context.SecurityContextHolderFilter@57a0aeb8, org.springframework.security.web.header.HeaderWriterFilter@ef59aee, org.springframework.security.web.authentication.logout.LogoutFilter@53dd29e0, app.intelligent.resume.security.JwtAuthenticationFilter@3ea9a091, org.springframework.security.web.savedrequest.RequestCacheAwareFilter@16e3d6d0, org.springframework.security.web.servletapi.SecurityContextHolderAwareRequestFilter@406d922, org.springframework.security.web.authentication.AnonymousAuthenticationFilter@6c569caf, org.springframework.security.web.session.SessionManagementFilter@b332eda, org.springframework.security.web.access.ExceptionTranslationFilter@92775a3, org.springframework.security.web.access.intercept.AuthorizationFilter@2c750b69]
2025-12-23 16:21:46.540 [main] INFO  org.apache.coyote.http11.Http11NioProtocol - Starting ProtocolHandler ["http-nio-8080"]
2025-12-23 16:21:46.553 [main] INFO  o.s.boot.web.embedded.tomcat.TomcatWebServer - Tomcat started on port 8080 (http) with context path ''
2025-12-23 16:21:46.566 [main] INFO  a.intelligent.resume.IntelligentResumeApplication - Started IntelligentResumeApplication in 5.315 seconds (process running for 6.113)
2025-12-23 16:21:46.746 [RMI TCP Connection(2)-192.168.14.1] INFO  o.a.c.core.ContainerBase.[Tomcat].[localhost].[/] - Initializing Spring DispatcherServlet 'dispatcherServlet'
2025-12-23 16:21:46.746 [RMI TCP Connection(2)-192.168.14.1] INFO  org.springframework.web.servlet.DispatcherServlet - Initializing Servlet 'dispatcherServlet'
2025-12-23 16:21:46.748 [RMI TCP Connection(2)-192.168.14.1] INFO  org.springframework.web.servlet.DispatcherServlet - Completed initialization in 2 ms
2025-12-23 16:21:46.759 [RMI TCP Connection(4)-192.168.14.1] INFO  com.zaxxer.hikari.HikariDataSource - HikariPool-1 - Starting...
2025-12-23 16:21:46.961 [RMI TCP Connection(4)-192.168.14.1] INFO  com.zaxxer.hikari.pool.HikariPool - HikariPool-1 - Added connection com.mysql.jdbc.JDBC4Connection@498c23d5
2025-12-23 16:21:46.971 [RMI TCP Connection(4)-192.168.14.1] INFO  com.zaxxer.hikari.HikariDataSource - HikariPool-1 - Start completed.
2025-12-23 17:30:42.776 [SpringApplicationShutdownHook] INFO  com.zaxxer.hikari.HikariDataSource - HikariPool-1 - Shutdown initiated...
2025-12-23 17:30:42.780 [SpringApplicationShutdownHook] INFO  com.zaxxer.hikari.HikariDataSource - HikariPool-1 - Shutdown completed.
2025-12-23 17:30:54.578 [background-preinit] INFO  org.hibernate.validator.internal.util.Version - HV000001: Hibernate Validator 8.0.1.Final
2025-12-23 17:30:54.612 [main] INFO  a.intelligent.resume.IntelligentResumeApplication - Starting IntelligentResumeApplication using Java 21.0.9 with PID 33236 (E:\AI_Project\IntelligentResume\IntelligentResume_back\target\classes started by Lenovo in E:\AI_Project\IntelligentResume\IntelligentResume_back)
2025-12-23 17:30:54.613 [main] INFO  a.intelligent.resume.IntelligentResumeApplication - The following 1 profile is active: "dev"
2025-12-23 17:30:55.755 [main] INFO  o.s.d.r.config.RepositoryConfigurationDelegate - Multiple Spring Data modules found, entering strict repository configuration mode
2025-12-23 17:30:55.758 [main] INFO  o.s.d.r.config.RepositoryConfigurationDelegate - Bootstrapping Spring Data Redis repositories in DEFAULT mode.
2025-12-23 17:30:55.796 [main] INFO  o.s.d.r.config.RepositoryConfigurationDelegate - Finished Spring Data repository scanning in 27 ms. Found 0 Redis repository interfaces.
2025-12-23 17:30:56.671 [main] INFO  o.s.boot.web.embedded.tomcat.TomcatWebServer - Tomcat initialized with port 8080 (http)
2025-12-23 17:30:56.677 [main] INFO  org.apache.coyote.http11.Http11NioProtocol - Initializing ProtocolHandler ["http-nio-8080"]
2025-12-23 17:30:56.679 [main] INFO  org.apache.catalina.core.StandardService - Starting service [Tomcat]
2025-12-23 17:30:56.679 [main] INFO  org.apache.catalina.core.StandardEngine - Starting Servlet engine: [Apache Tomcat/10.1.16]
2025-12-23 17:30:56.755 [main] INFO  o.a.c.core.ContainerBase.[Tomcat].[localhost].[/] - Initializing Spring embedded WebApplicationContext
2025-12-23 17:30:56.756 [main] INFO  o.s.b.w.s.c.ServletWebServerApplicationContext - Root WebApplicationContext: initialization completed in 2094 ms
2025-12-23 17:30:57.456 [main] INFO  org.redisson.Version - Redisson 3.25.0
2025-12-23 17:30:57.809 [redisson-netty-2-5] INFO  o.r.connection.pool.MasterPubSubConnectionPool - 1 connections initialized for localhost/127.0.0.1:6379
2025-12-23 17:30:57.823 [redisson-netty-2-14] INFO  org.redisson.connection.pool.MasterConnectionPool - 5 connections initialized for localhost/127.0.0.1:6379
2025-12-23 17:30:58.910 [main] INFO  o.s.b.actuate.endpoint.web.EndpointLinksResolver - Exposing 1 endpoint(s) beneath base path '/actuator'
2025-12-23 17:30:58.961 [main] INFO  o.s.security.web.DefaultSecurityFilterChain - Will secure any request with [org.springframework.security.web.session.DisableEncodeUrlFilter@a6924ad, org.springframework.security.web.context.request.async.WebAsyncManagerIntegrationFilter@33fc92d6, org.springframework.security.web.context.SecurityContextHolderFilter@f36c8b1, org.springframework.security.web.header.HeaderWriterFilter@3b22bcad, org.springframework.security.web.authentication.logout.LogoutFilter@2eea0775, app.intelligent.resume.security.JwtAuthenticationFilter@4fbc516f, org.springframework.security.web.savedrequest.RequestCacheAwareFilter@109f95b1, org.springframework.security.web.servletapi.SecurityContextHolderAwareRequestFilter@4d20cbb5, org.springframework.security.web.authentication.AnonymousAuthenticationFilter@6e2e11ee, org.springframework.security.web.session.SessionManagementFilter@6a08113d, org.springframework.security.web.access.ExceptionTranslationFilter@2a41d17a, org.springframework.security.web.access.intercept.AuthorizationFilter@1235732d]
2025-12-23 17:30:59.532 [main] INFO  org.apache.coyote.http11.Http11NioProtocol - Starting ProtocolHandler ["http-nio-8080"]
2025-12-23 17:30:59.545 [main] INFO  o.s.boot.web.embedded.tomcat.TomcatWebServer - Tomcat started on port 8080 (http) with context path ''
2025-12-23 17:30:59.561 [main] INFO  a.intelligent.resume.IntelligentResumeApplication - Started IntelligentResumeApplication in 5.552 seconds (process running for 7.133)
2025-12-23 17:45:47.744 [background-preinit] INFO  org.hibernate.validator.internal.util.Version - HV000001: Hibernate Validator 8.0.1.Final
2025-12-23 17:45:47.776 [main] INFO  a.intelligent.resume.IntelligentResumeApplication - Starting IntelligentResumeApplication using Java 21.0.9 with PID 2488 (E:\AI_Project\IntelligentResume\IntelligentResume_back\target\classes started by Lenovo in E:\AI_Project\IntelligentResume\IntelligentResume_back)
2025-12-23 17:45:47.777 [main] INFO  a.intelligent.resume.IntelligentResumeApplication - The following 1 profile is active: "dev"
2025-12-23 17:45:48.899 [main] INFO  o.s.d.r.config.RepositoryConfigurationDelegate - Multiple Spring Data modules found, entering strict repository configuration mode
2025-12-23 17:45:48.901 [main] INFO  o.s.d.r.config.RepositoryConfigurationDelegate - Bootstrapping Spring Data Redis repositories in DEFAULT mode.
2025-12-23 17:45:48.941 [main] INFO  o.s.d.r.config.RepositoryConfigurationDelegate - Finished Spring Data repository scanning in 28 ms. Found 0 Redis repository interfaces.
2025-12-23 17:45:49.833 [main] INFO  o.s.boot.web.embedded.tomcat.TomcatWebServer - Tomcat initialized with port 8080 (http)
2025-12-23 17:45:49.841 [main] INFO  org.apache.coyote.http11.Http11NioProtocol - Initializing ProtocolHandler ["http-nio-8080"]
2025-12-23 17:45:49.843 [main] INFO  org.apache.catalina.core.StandardService - Starting service [Tomcat]
2025-12-23 17:45:49.844 [main] INFO  org.apache.catalina.core.StandardEngine - Starting Servlet engine: [Apache Tomcat/10.1.16]
2025-12-23 17:45:49.921 [main] INFO  o.a.c.core.ContainerBase.[Tomcat].[localhost].[/] - Initializing Spring embedded WebApplicationContext
2025-12-23 17:45:49.922 [main] INFO  o.s.b.w.s.c.ServletWebServerApplicationContext - Root WebApplicationContext: initialization completed in 2097 ms
2025-12-23 17:45:50.687 [main] INFO  org.redisson.Version - Redisson 3.25.0
2025-12-23 17:45:51.059 [redisson-netty-2-5] INFO  o.r.connection.pool.MasterPubSubConnectionPool - 1 connections initialized for localhost/127.0.0.1:6379
2025-12-23 17:45:51.074 [redisson-netty-2-14] INFO  org.redisson.connection.pool.MasterConnectionPool - 5 connections initialized for localhost/127.0.0.1:6379
2025-12-23 17:45:52.216 [main] INFO  o.s.b.actuate.endpoint.web.EndpointLinksResolver - Exposing 1 endpoint(s) beneath base path '/actuator'
2025-12-23 17:45:52.264 [main] INFO  o.s.security.web.DefaultSecurityFilterChain - Will secure any request with [org.springframework.security.web.session.DisableEncodeUrlFilter@34538ffe, org.springframework.security.web.context.request.async.WebAsyncManagerIntegrationFilter@7ae75ba6, org.springframework.security.web.context.SecurityContextHolderFilter@4d25943d, org.springframework.security.web.header.HeaderWriterFilter@4e58eda2, org.springframework.security.web.authentication.logout.LogoutFilter@4fbdee7a, app.intelligent.resume.security.JwtAuthenticationFilter@22bfd4b, org.springframework.security.web.savedrequest.RequestCacheAwareFilter@495a9305, org.springframework.security.web.servletapi.SecurityContextHolderAwareRequestFilter@6a0a0f12, org.springframework.security.web.authentication.AnonymousAuthenticationFilter@2bab1821, org.springframework.security.web.session.SessionManagementFilter@149ef64a, org.springframework.security.web.access.ExceptionTranslationFilter@1c2273f6, org.springframework.security.web.access.intercept.AuthorizationFilter@25bd68ea]
2025-12-23 17:45:52.789 [main] INFO  org.apache.coyote.http11.Http11NioProtocol - Starting ProtocolHandler ["http-nio-8080"]
2025-12-23 17:45:52.800 [main] INFO  o.s.boot.web.embedded.tomcat.TomcatWebServer - Tomcat started on port 8080 (http) with context path ''
2025-12-23 17:45:52.815 [main] INFO  a.intelligent.resume.IntelligentResumeApplication - Started IntelligentResumeApplication in 5.601 seconds (process running for 6.919)
2025-12-23 17:50:55.327 [http-nio-8080-exec-2] INFO  o.a.c.core.ContainerBase.[Tomcat].[localhost].[/] - Initializing Spring DispatcherServlet 'dispatcherServlet'
2025-12-23 17:50:55.328 [http-nio-8080-exec-2] INFO  org.springframework.web.servlet.DispatcherServlet - Initializing Servlet 'dispatcherServlet'
2025-12-23 17:50:55.329 [http-nio-8080-exec-2] INFO  org.springframework.web.servlet.DispatcherServlet - Completed initialization in 1 ms
2025-12-23 17:58:05.954 [http-nio-8080-exec-8] INFO  a.intelligent.resume.service.impl.AuthServiceImpl - 用户登录, phone=13800138001
2025-12-23 17:58:05.979 [http-nio-8080-exec-8] INFO  com.zaxxer.hikari.HikariDataSource - HikariPool-1 - Starting...
2025-12-23 17:58:06.169 [http-nio-8080-exec-8] INFO  com.zaxxer.hikari.pool.HikariPool - HikariPool-1 - Added connection com.mysql.jdbc.JDBC4Connection@175793a6
2025-12-23 17:58:06.172 [http-nio-8080-exec-8] INFO  com.zaxxer.hikari.HikariDataSource - HikariPool-1 - Start completed.
2025-12-23 17:58:49.680 [http-nio-8080-exec-9] INFO  a.intelligent.resume.service.impl.AuthServiceImpl - 用户登录, phone=13800138000
2025-12-23 18:52:20.582 [SpringApplicationShutdownHook] INFO  com.zaxxer.hikari.HikariDataSource - HikariPool-1 - Shutdown initiated...
2025-12-23 18:52:20.587 [SpringApplicationShutdownHook] INFO  com.zaxxer.hikari.HikariDataSource - HikariPool-1 - Shutdown completed.
